// Jest Snapshot v1, https://goo.gl/fbAQLP

exports[`Slider renders correct html 1`] = `"<div class=\\"css-1mcmfqi\\"><div class=\\"rc-slider rc-slider-vertical\\"><div class=\\"rc-slider-rail\\"></div><div class=\\"rc-slider-track rc-slider-track-1\\" style=\\"bottom: 0%; height: 100%;\\"></div><div class=\\"rc-slider-step\\"></div><div tabindex=\\"0\\" class=\\"rc-slider-handle rc-slider-handle-1\\" style=\\"bottom: 0%; transform: translateY(+50%);\\" role=\\"slider\\" aria-valuemin=\\"10\\" aria-valuemax=\\"20\\" aria-valuenow=\\"10\\" aria-disabled=\\"false\\"></div><div tabindex=\\"0\\" class=\\"rc-slider-handle rc-slider-handle-2\\" style=\\"bottom: 100%; transform: translateY(+50%);\\" role=\\"slider\\" aria-valuemin=\\"10\\" aria-valuemax=\\"20\\" aria-valuenow=\\"20\\" aria-disabled=\\"false\\"></div><div class=\\"rc-slider-mark\\"></div></div></div>"`;
